###############################################################################
#
# IAR ELF Linker V7.50.2.10312/W32 for ARM                11/May/2016  11:13:06
# Copyright 2007-2015 IAR Systems AB.
#
#    Output file  =  D:\IAR Workspace\STM32F407\VCP_ESP\Debug\Exe\c.out
#    Map file     =  D:\IAR Workspace\STM32F407\VCP_ESP\Debug\List\c.map
#    Command line =  
#        "D:\IAR Workspace\STM32F407\VCP_ESP\Debug\Obj\delay.o" "D:\IAR
#        Workspace\STM32F407\VCP_ESP\Debug\Obj\main.o" "D:\IAR
#        Workspace\STM32F407\VCP_ESP\Debug\Obj\misc.o" "D:\IAR
#        Workspace\STM32F407\VCP_ESP\Debug\Obj\startup_stm32f4xx.o" "D:\IAR
#        Workspace\STM32F407\VCP_ESP\Debug\Obj\stm32f4xx_adc.o" "D:\IAR
#        Workspace\STM32F407\VCP_ESP\Debug\Obj\stm32f4xx_can.o" "D:\IAR
#        Workspace\STM32F407\VCP_ESP\Debug\Obj\stm32f4xx_crc.o" "D:\IAR
#        Workspace\STM32F407\VCP_ESP\Debug\Obj\stm32f4xx_cryp.o" "D:\IAR
#        Workspace\STM32F407\VCP_ESP\Debug\Obj\stm32f4xx_cryp_aes.o" "D:\IAR
#        Workspace\STM32F407\VCP_ESP\Debug\Obj\stm32f4xx_cryp_des.o" "D:\IAR
#        Workspace\STM32F407\VCP_ESP\Debug\Obj\stm32f4xx_cryp_tdes.o" "D:\IAR
#        Workspace\STM32F407\VCP_ESP\Debug\Obj\stm32f4xx_dac.o" "D:\IAR
#        Workspace\STM32F407\VCP_ESP\Debug\Obj\stm32f4xx_dbgmcu.o" "D:\IAR
#        Workspace\STM32F407\VCP_ESP\Debug\Obj\stm32f4xx_dcmi.o" "D:\IAR
#        Workspace\STM32F407\VCP_ESP\Debug\Obj\stm32f4xx_dma.o" "D:\IAR
#        Workspace\STM32F407\VCP_ESP\Debug\Obj\stm32f4xx_exti.o" "D:\IAR
#        Workspace\STM32F407\VCP_ESP\Debug\Obj\stm32f4xx_flash.o" "D:\IAR
#        Workspace\STM32F407\VCP_ESP\Debug\Obj\stm32f4xx_fsmc.o" "D:\IAR
#        Workspace\STM32F407\VCP_ESP\Debug\Obj\stm32f4xx_gpio.o" "D:\IAR
#        Workspace\STM32F407\VCP_ESP\Debug\Obj\stm32f4xx_hash.o" "D:\IAR
#        Workspace\STM32F407\VCP_ESP\Debug\Obj\stm32f4xx_hash_md5.o" "D:\IAR
#        Workspace\STM32F407\VCP_ESP\Debug\Obj\stm32f4xx_hash_sha1.o" "D:\IAR
#        Workspace\STM32F407\VCP_ESP\Debug\Obj\stm32f4xx_i2c.o" "D:\IAR
#        Workspace\STM32F407\VCP_ESP\Debug\Obj\stm32f4xx_iwdg.o" "D:\IAR
#        Workspace\STM32F407\VCP_ESP\Debug\Obj\stm32f4xx_pwr.o" "D:\IAR
#        Workspace\STM32F407\VCP_ESP\Debug\Obj\stm32f4xx_rcc.o" "D:\IAR
#        Workspace\STM32F407\VCP_ESP\Debug\Obj\stm32f4xx_rng.o" "D:\IAR
#        Workspace\STM32F407\VCP_ESP\Debug\Obj\stm32f4xx_rtc.o" "D:\IAR
#        Workspace\STM32F407\VCP_ESP\Debug\Obj\stm32f4xx_sdio.o" "D:\IAR
#        Workspace\STM32F407\VCP_ESP\Debug\Obj\stm32f4xx_spi.o" "D:\IAR
#        Workspace\STM32F407\VCP_ESP\Debug\Obj\stm32f4xx_syscfg.o" "D:\IAR
#        Workspace\STM32F407\VCP_ESP\Debug\Obj\stm32f4xx_tim.o" "D:\IAR
#        Workspace\STM32F407\VCP_ESP\Debug\Obj\stm32f4xx_usart.o" "D:\IAR
#        Workspace\STM32F407\VCP_ESP\Debug\Obj\stm32f4xx_wwdg.o" "D:\IAR
#        Workspace\STM32F407\VCP_ESP\Debug\Obj\system_stm32f4xx.o" "D:\IAR
#        Workspace\STM32F407\VCP_ESP\Debug\Obj\usb_bsp.o" "D:\IAR
#        Workspace\STM32F407\VCP_ESP\Debug\Obj\usb_core.o" "D:\IAR
#        Workspace\STM32F407\VCP_ESP\Debug\Obj\usb_dcd.o" "D:\IAR
#        Workspace\STM32F407\VCP_ESP\Debug\Obj\usb_dcd_int.o" "D:\IAR
#        Workspace\STM32F407\VCP_ESP\Debug\Obj\usbd_cdc_core.o" "D:\IAR
#        Workspace\STM32F407\VCP_ESP\Debug\Obj\usbd_cdc_vcp.o" "D:\IAR
#        Workspace\STM32F407\VCP_ESP\Debug\Obj\usbd_core.o" "D:\IAR
#        Workspace\STM32F407\VCP_ESP\Debug\Obj\usbd_desc.o" "D:\IAR
#        Workspace\STM32F407\VCP_ESP\Debug\Obj\usbd_ioreq.o" "D:\IAR
#        Workspace\STM32F407\VCP_ESP\Debug\Obj\usbd_req.o" "D:\IAR
#        Workspace\STM32F407\VCP_ESP\Debug\Obj\usbd_usr.o" -o "D:\IAR
#        Workspace\STM32F407\VCP_ESP\Debug\Exe\c.out" --map "D:\IAR
#        Workspace\STM32F407\VCP_ESP\Debug\List\c.map" --config "C:\Program
#        Files (x86)\IAR Systems\Embedded Workbench
#        7.3\arm\config\linker\ST\stm32f407xG.icf" --semihosting --entry
#        __iar_program_start "C:\Program Files (x86)\IAR Systems\Embedded
#        Workbench 7.3\arm\CMSIS\Lib\IAR\iar_cortexM4lf_math.a" --vfe
#
###############################################################################

*******************************************************************************
*** RUNTIME MODEL ATTRIBUTES
***

CppFlavor       = *
__SystemLibrary = DLib


*******************************************************************************
*** PLACEMENT SUMMARY
***

"A1":  place at 0x08000000 { ro section .intvec };
"P1":  place in [from 0x08000000 to 0x080fffff] { ro };
"P2":  place in [from 0x20000000 to 0x2001ffff] { rw, block CSTACK, block HEAP };

  Section            Kind        Address    Size  Object
  -------            ----        -------    ----  ------
"A1":                                      0x188
  .intvec            ro code  0x08000000   0x188  startup_stm32f4xx.o [1]
                            - 0x08000188   0x188

"P1":                                     0x5820
  .text              ro code  0x08000188   0xda6  xprintffull_nomb.o [3]
  .text              ro code  0x08000f2e    0x76  lz77_init_single.o [5]
  .text              ro code  0x08000fa4    0x16  strchr.o [5]
  .text              ro code  0x08000fba    0x1e  usbd_usr.o [1]
  .text              ro code  0x08000fd8    0x36  strlen.o [5]
  .text              ro code  0x08001010    0x58  memchr.o [5]
  .text              ro code  0x08001068    0xee  I64DivMod.o [5]
  .text              ro code  0x08001158    0x76  ABImemcpy_unaligned.o [5]
  .text              ro code  0x080011ce    0x42  xdnorm.o [4]
  .text              ro code  0x08001210    0x2e  DblCmpLe.o [4]
  .text              ro code  0x08001240    0x2e  DblCmpGe.o [4]
  .text              ro code  0x08001270   0x114  xdscale.o [4]
  .text              ro code  0x08001384    0x58  DblToI32.o [4]
  .text              ro code  0x080013dc    0x30  I32ToDbl.o [4]
  .text              ro code  0x0800140c   0x180  DblSub.o [4]
  .text              ro code  0x0800158c   0x1a2  DblMul.o [4]
  .text              ro code  0x08001730   0x256  DblDiv.o [4]
  .text              ro code  0x08001986     0xe  div.o [3]
  .text              ro code  0x08001994     0x2  I64DivZer.o [5]
  .text              ro code  0x08001998    0xd4  DblAdd.o [4]
  .text              ro code  0x08001a6c   0xba4  usb_core.o [1]
  .text              ro code  0x08002610   0x104  usb_bsp.o [1]
  .text              ro code  0x08002714   0x298  stm32f4xx_rcc.o [1]
  .text              ro code  0x080029ac   0x3c4  stm32f4xx_gpio.o [1]
  .text              ro code  0x08002d70    0x2c  stm32f4xx_exti.o [1]
  .text              ro code  0x08002d9c    0xe8  misc.o [1]
  .text              ro code  0x08002e84   0x184  main.o [1]
  .text              ro code  0x08003008   0x154  system_stm32f4xx.o [1]
  .text              ro code  0x0800315c    0xcc  delay.o [1]
  .text              ro code  0x08003228   0x2c8  usbd_core.o [1]
  .text              ro code  0x080034f0   0x154  usbd_cdc_vcp.o [1]
  .text              ro code  0x08003644   0x5fc  stm32f4xx_usart.o [1]
  .text              ro code  0x08003c40    0x24  printf.o [3]
  .text              ro code  0x08003c64   0x6b2  usb_dcd_int.o [1]
  .text              ro code  0x08004316   0x2e2  usb_dcd.o [1]
  .text              ro code  0x080045f8   0x6c4  usbd_req.o [1]
  .text              ro code  0x08004cbc    0xe4  usbd_ioreq.o [1]
  .text              ro code  0x08004da0   0x390  usbd_cdc_core.o [1]
  .text              ro code  0x08005130    0xe8  usbd_desc.o [1]
  .rodata            const    0x08005218    0x74  stm32f4xx_exti.o [1]
  .rodata            const    0x0800528c    0x74  stm32f4xx_gpio.o [1]
  .rodata            const    0x08005300    0x74  stm32f4xx_usart.o [1]
  .rodata            const    0x08005374    0x70  stm32f4xx_rcc.o [1]
  .text              ro code  0x080053e4    0x6c  iarttio.o [6]
  .text              ro code  0x08005450     0x8  XShttio.o [3]
  .rodata            const    0x08005458    0x68  misc.o [1]
  .text              ro code  0x080054c0    0x40  zero_init3.o [5]
  .rodata            const    0x08005500    0x2c  main.o [1]
  .text              ro code  0x0800552c    0x28  putchar.o [3]
  .text              ro code  0x08005554    0x10  write.o [6]
  .text              ro code  0x08005564    0x1e  dwrite.o [6]
  .text              ro code  0x08005582    0x20  iarwstd.o [6]
  .text              ro code  0x080055a2    0x22  iarwrite.o [6]
  .text              ro code  0x080055c4    0x28  data_init.o [5]
  .rodata            const    0x080055ec    0x24  usbd_desc.o [1]
  .rodata            const    0x08005610    0x24  usbd_desc.o [1]
  .text              ro code  0x08005634    0x22  fpinit_M.o [4]
  .iar.init_table    const    0x08005658    0x20  - Linker created -
  .text              ro code  0x08005678    0x1a  cmain.o [5]
  .text              ro code  0x08005692     0x4  low_level_init.o [3]
  .text              ro code  0x08005696     0x4  exit.o [3]
  .text              ro code  0x0800569c     0xa  cexit.o [5]
  .text              ro code  0x080056a8    0x14  exit.o [6]
  .text              ro code  0x080056bc    0x16  xprout.o [3]
  .rodata            const    0x080056d4    0x14  usbd_desc.o [1]
  .rodata            const    0x080056e8    0x10  usbd_desc.o [1]
  .rodata            const    0x080056f8    0x10  usbd_desc.o [1]
  .rodata            const    0x08005708    0x10  usbd_desc.o [1]
  .text              ro code  0x08005718    0x10  startup_stm32f4xx.o [1]
  .rodata            const    0x08005728     0xc  usbd_desc.o [1]
  .text              ro code  0x08005734     0xc  cstartup_M.o [5]
  .text              ro code  0x08005740     0x4  startup_stm32f4xx.o [1]
  .text              ro code  0x08005744     0x4  startup_stm32f4xx.o [1]
  .text              ro code  0x08005748     0x4  startup_stm32f4xx.o [1]
  .text              ro code  0x0800574c     0x4  startup_stm32f4xx.o [1]
  .text              ro code  0x08005750     0x4  startup_stm32f4xx.o [1]
  .text              ro code  0x08005754     0x4  startup_stm32f4xx.o [1]
  .text              ro code  0x08005758     0x4  startup_stm32f4xx.o [1]
  .text              ro code  0x0800575c     0x4  startup_stm32f4xx.o [1]
  .text              ro code  0x08005760     0x4  startup_stm32f4xx.o [1]
  .text              ro code  0x08005764     0x4  startup_stm32f4xx.o [1]
  .text              ro code  0x08005768     0x4  startup_stm32f4xx.o [1]
  .text              ro code  0x0800576c     0x4  startup_stm32f4xx.o [1]
  .text              ro code  0x08005770     0x4  startup_stm32f4xx.o [1]
  .text              ro code  0x08005774     0x4  startup_stm32f4xx.o [1]
  .text              ro code  0x08005778     0x4  startup_stm32f4xx.o [1]
  .text              ro code  0x0800577c     0x4  startup_stm32f4xx.o [1]
  .text              ro code  0x08005780     0x4  startup_stm32f4xx.o [1]
  .text              ro code  0x08005784     0x4  startup_stm32f4xx.o [1]
  .text              ro code  0x08005788     0x4  startup_stm32f4xx.o [1]
  .text              ro code  0x0800578c     0x4  startup_stm32f4xx.o [1]
  .text              ro code  0x08005790     0x4  startup_stm32f4xx.o [1]
  .text              ro code  0x08005794     0x4  startup_stm32f4xx.o [1]
  .text              ro code  0x08005798     0x4  startup_stm32f4xx.o [1]
  .text              ro code  0x0800579c     0x4  startup_stm32f4xx.o [1]
  .text              ro code  0x080057a0     0x4  startup_stm32f4xx.o [1]
  .text              ro code  0x080057a4     0x4  startup_stm32f4xx.o [1]
  .text              ro code  0x080057a8     0x4  startup_stm32f4xx.o [1]
  .text              ro code  0x080057ac     0x4  startup_stm32f4xx.o [1]
  .text              ro code  0x080057b0     0x4  startup_stm32f4xx.o [1]
  .text              ro code  0x080057b4     0x4  startup_stm32f4xx.o [1]
  .text              ro code  0x080057b8     0x4  startup_stm32f4xx.o [1]
  .text              ro code  0x080057bc     0x4  startup_stm32f4xx.o [1]
  .text              ro code  0x080057c0     0x4  startup_stm32f4xx.o [1]
  .text              ro code  0x080057c4     0x4  startup_stm32f4xx.o [1]
  .text              ro code  0x080057c8     0x4  startup_stm32f4xx.o [1]
  .text              ro code  0x080057cc     0x4  startup_stm32f4xx.o [1]
  .text              ro code  0x080057d0     0x4  startup_stm32f4xx.o [1]
  .text              ro code  0x080057d4     0x4  startup_stm32f4xx.o [1]
  .text              ro code  0x080057d8     0x4  startup_stm32f4xx.o [1]
  .text              ro code  0x080057dc     0x4  startup_stm32f4xx.o [1]
  .text              ro code  0x080057e0     0x4  startup_stm32f4xx.o [1]
  .text              ro code  0x080057e4     0x4  startup_stm32f4xx.o [1]
  .text              ro code  0x080057e8     0x4  startup_stm32f4xx.o [1]
  .text              ro code  0x080057ec     0x4  startup_stm32f4xx.o [1]
  .text              ro code  0x080057f0     0x4  startup_stm32f4xx.o [1]
  .text              ro code  0x080057f4     0x4  startup_stm32f4xx.o [1]
  .text              ro code  0x080057f8     0x4  startup_stm32f4xx.o [1]
  .text              ro code  0x080057fc     0x4  startup_stm32f4xx.o [1]
  .text              ro code  0x08005800     0x4  startup_stm32f4xx.o [1]
  .text              ro code  0x08005804     0x4  startup_stm32f4xx.o [1]
  .text              ro code  0x08005808     0x4  startup_stm32f4xx.o [1]
  .text              ro code  0x0800580c     0x4  startup_stm32f4xx.o [1]
  .text              ro code  0x08005810     0x4  startup_stm32f4xx.o [1]
  .text              ro code  0x08005814     0x4  startup_stm32f4xx.o [1]
  .text              ro code  0x08005818     0x4  startup_stm32f4xx.o [1]
  .text              ro code  0x0800581c     0x4  startup_stm32f4xx.o [1]
  .text              ro code  0x08005820     0x4  startup_stm32f4xx.o [1]
  .text              ro code  0x08005824     0x4  startup_stm32f4xx.o [1]
  .text              ro code  0x08005828     0x4  startup_stm32f4xx.o [1]
  .text              ro code  0x0800582c     0x4  startup_stm32f4xx.o [1]
  .text              ro code  0x08005830     0x4  startup_stm32f4xx.o [1]
  .text              ro code  0x08005834     0x4  startup_stm32f4xx.o [1]
  .text              ro code  0x08005838     0x4  startup_stm32f4xx.o [1]
  .text              ro code  0x0800583c     0x4  startup_stm32f4xx.o [1]
  .text              ro code  0x08005840     0x4  startup_stm32f4xx.o [1]
  .text              ro code  0x08005844     0x4  startup_stm32f4xx.o [1]
  .text              ro code  0x08005848     0x4  startup_stm32f4xx.o [1]
  .text              ro code  0x0800584c     0x4  startup_stm32f4xx.o [1]
  .text              ro code  0x08005850     0x4  startup_stm32f4xx.o [1]
  .text              ro code  0x08005854     0x4  startup_stm32f4xx.o [1]
  .text              ro code  0x08005858     0x4  startup_stm32f4xx.o [1]
  .text              ro code  0x0800585c     0x4  startup_stm32f4xx.o [1]
  .text              ro code  0x08005860     0x4  startup_stm32f4xx.o [1]
  .text              ro code  0x08005864     0x4  startup_stm32f4xx.o [1]
  .text              ro code  0x08005868     0x4  startup_stm32f4xx.o [1]
  .text              ro code  0x0800586c     0x4  startup_stm32f4xx.o [1]
  .text              ro code  0x08005870     0x4  startup_stm32f4xx.o [1]
  .text              ro code  0x08005874     0x4  startup_stm32f4xx.o [1]
  .text              ro code  0x08005878     0x4  startup_stm32f4xx.o [1]
  .text              ro code  0x0800587c     0x4  startup_stm32f4xx.o [1]
  .text              ro code  0x08005880     0x4  startup_stm32f4xx.o [1]
  .text              ro code  0x08005884     0x4  startup_stm32f4xx.o [1]
  .text              ro code  0x08005888     0x4  startup_stm32f4xx.o [1]
  .text              ro code  0x0800588c     0x4  startup_stm32f4xx.o [1]
  .text              ro code  0x08005890     0x4  startup_stm32f4xx.o [1]
  .text              ro code  0x08005894     0x4  startup_stm32f4xx.o [1]
  .text              ro code  0x08005898     0x4  startup_stm32f4xx.o [1]
  .text              ro code  0x0800589c     0x4  startup_stm32f4xx.o [1]
  .text              ro code  0x080058a0     0x4  startup_stm32f4xx.o [1]
  .text              ro code  0x080058a4     0x4  startup_stm32f4xx.o [1]
  .text              ro code  0x080058a8     0x4  startup_stm32f4xx.o [1]
  .rodata            const    0x080058ac     0x0  zero_init3.o [5]
  .rodata            const    0x080058ac     0x0  lz77_init_single.o [5]
  Initializer bytes  const    0x080058ac    0xfc  <for P2-1>
                            - 0x080059a8  0x5820

"P2", part 1 of 3:                         0x12c
  P2-1                        0x20000000   0x12c  <Init block>
    .data            inited   0x20000000    0x10  stm32f4xx_rcc.o [1]
    .data            inited   0x20000010     0x4  system_stm32f4xx.o [1]
    .data            inited   0x20000014     0x4  usbd_cdc_core.o [1]
    .data            inited   0x20000018    0x2c  usbd_cdc_core.o [1]
    .data            inited   0x20000044    0x44  usbd_cdc_core.o [1]
    .data            inited   0x20000088     0x8  usbd_cdc_vcp.o [1]
    .data            inited   0x20000090    0x14  usbd_cdc_vcp.o [1]
    .data            inited   0x200000a4    0x2c  usbd_core.o [1]
    .data            inited   0x200000d0     0x4  usbd_core.o [1]
    .data            inited   0x200000d4    0x1c  usbd_desc.o [1]
    .data            inited   0x200000f0    0x14  usbd_desc.o [1]
    .data            inited   0x20000104     0x4  usbd_desc.o [1]
    .data            inited   0x20000108    0x1c  usbd_usr.o [1]
    .data            inited   0x20000124     0x8  XShttio.o [3]
                            - 0x2000012c   0x12c

"P2", part 2 of 3:                        0x2000
  CSTACK                      0x20000130  0x2000  <Block>
    CSTACK           uninit   0x20000130  0x2000  <Block tail>
                            - 0x20002130  0x2000

"P2", part 3 of 3:                         0xf20
  .bss               zero     0x20002130   0x800  usbd_cdc_core.o [1]
  .bss               zero     0x20002930   0x5f0  main.o [1]
  .bss               zero     0x20002f20    0x80  usbd_cdc_vcp.o [1]
  .bss               zero     0x20002fa0    0x40  usbd_cdc_core.o [1]
  .bss               zero     0x20002fe0    0x34  usbd_req.o [1]
  .bss               zero     0x20003014     0x8  usbd_cdc_core.o [1]
  .bss               zero     0x2000301c     0x4  delay.o [1]
  .bss               zero     0x20003020     0x4  usbd_cdc_core.o [1]
  .bss               zero     0x20003024     0x4  usbd_cdc_core.o [1]
  .bss               zero     0x20003028     0x4  usbd_cdc_core.o [1]
  .bss               zero     0x2000302c     0x4  usbd_cdc_core.o [1]
  .bss               zero     0x20003030     0x4  usbd_cdc_core.o [1]
  .bss               zero     0x20003034     0x4  usbd_cdc_core.o [1]
  .bss               zero     0x20003038     0x4  usbd_cdc_vcp.o [1]
  .bss               zero     0x2000303c     0x4  usbd_cdc_vcp.o [1]
  .bss               zero     0x20003040     0x4  usbd_req.o [1]
  .bss               zero     0x20003044     0x4  usbd_req.o [1]
  .bss               zero     0x20003048     0x4  usbd_req.o [1]
  .bss               zero     0x2000304c     0x1  main.o [1]
  .bss               zero     0x2000304d     0x1  usbd_cdc_core.o [1]
  .bss               zero     0x2000304e     0x1  usbd_req.o [1]
                            - 0x2000304f   0xf1f


*******************************************************************************
*** INIT TABLE
***

          Address     Size
          -------     ----
Zero (__iar_zero_init3)
    1 destination range, total size 0xf1f:
          0x20002130  0xf1f

Copy/lz77 (__iar_lz77_init_single3)
    1 source range, total size 0xfc (84% of destination):
          0x080058ac   0xfc
    1 destination range, total size 0x12c:
          0x20000000  0x12c



*******************************************************************************
*** MODULE SUMMARY
***

    Module                 ro code  ro data  rw data
    ------                 -------  -------  -------
D:\IAR Workspace\STM32F407\VCP_ESP\Debug\Obj: [1]
    delay.o                    204                 4
    main.o                     388       44    1 521
    misc.o                     232      104
    startup_stm32f4xx.o        772
    stm32f4xx_exti.o            44      116
    stm32f4xx_gpio.o           964      116
    stm32f4xx_rcc.o            664      125       16
    stm32f4xx_usart.o        1 532      116
    system_stm32f4xx.o         340        3        4
    usb_bsp.o                  260
    usb_core.o               2 980
    usb_dcd.o                  738
    usb_dcd_int.o            1 714
    usbd_cdc_core.o            912       98    2 261
    usbd_cdc_vcp.o             340       23      164
    usbd_core.o                712       41       48
    usbd_desc.o                232      195       52
    usbd_ioreq.o               228
    usbd_req.o               1 732                65
    usbd_usr.o                  30       24       28
    ------------------------------------------------
    Total:                  15 018    1 005    4 163

command line: [2]
    ------------------------------------------------
    Total:

dl7M_tln.a: [3]
    XShttio.o                    8        7        8
    div.o                       14
    exit.o                       4
    low_level_init.o             4
    printf.o                    36
    putchar.o                   40
    xprintffull_nomb.o       3 494
    xprout.o                    22
    ------------------------------------------------
    Total:                   3 622        7        8

m7M_tls.a: [4]
    DblAdd.o                   212
    DblCmpGe.o                  46
    DblCmpLe.o                  46
    DblDiv.o                   598
    DblMul.o                   418
    DblSub.o                   384
    DblToI32.o                  88
    I32ToDbl.o                  48
    fpinit_M.o                  34
    xdnorm.o                    66
    xdscale.o                  276
    ------------------------------------------------
    Total:                   2 216

rt7M_tl.a: [5]
    ABImemcpy_unaligned.o      118
    I64DivMod.o                238
    I64DivZer.o                  2
    cexit.o                     10
    cmain.o                     26
    cstartup_M.o                12
    data_init.o                 40
    lz77_init_single.o         118
    memchr.o                    88
    strchr.o                    22
    strlen.o                    54
    zero_init3.o                64
    ------------------------------------------------
    Total:                     792

shb_l.a: [6]
    dwrite.o                    30
    exit.o                      20
    iarttio.o                  108
    iarwrite.o                  34
    iarwstd.o                   32
    write.o                     16
    ------------------------------------------------
    Total:                     240

    Gaps                        16        4
    Linker created                       32    8 192
----------------------------------------------------
    Grand Total:            21 904    1 048   12 363


*******************************************************************************
*** ENTRY LIST
***

Entry                      Address   Size  Type      Object
-----                      -------   ----  ----      ------
.iar.init_table$$Base   0x08005658          --   Gb  - Linker created -
.iar.init_table$$Limit  0x08005678          --   Gb  - Linker created -
?main                   0x08005679         Code  Gb  cmain.o [5]
APBAHBPrescTable        0x20000000   0x10  Data  Lc  stm32f4xx_rcc.o [1]
APP_Rx_Buffer           0x20002130  0x800  Data  Gb  usbd_cdc_core.o [1]
APP_Rx_length           0x2000302c    0x4  Data  Gb  usbd_cdc_core.o [1]
APP_Rx_ptr_in           0x20003024    0x4  Data  Gb  usbd_cdc_core.o [1]
APP_Rx_ptr_out          0x20003028    0x4  Data  Gb  usbd_cdc_core.o [1]
APP_Tx_Buffer           0x20002f20   0x80  Data  Gb  usbd_cdc_vcp.o [1]
APP_tx_ptr_head         0x20003038    0x4  Data  Gb  usbd_cdc_vcp.o [1]
APP_tx_ptr_tail         0x2000303c    0x4  Data  Gb  usbd_cdc_vcp.o [1]
CSTACK$$Base            0x20000130          --   Gb  - Linker created -
CSTACK$$Limit           0x20002130          --   Gb  - Linker created -
CmdBuff                 0x20003014    0x8  Data  Gb  usbd_cdc_core.o [1]
DCD_EP_Close            0x08004437   0x4c  Code  Gb  usb_dcd.o [1]
DCD_EP_ClrStall         0x08004593   0x4c  Code  Gb  usb_dcd.o [1]
DCD_EP_Open             0x080043b9   0x7e  Code  Gb  usb_dcd.o [1]
DCD_EP_PrepareRx        0x08004483   0x66  Code  Gb  usb_dcd.o [1]
DCD_EP_SetAddress       0x080045df   0x1a  Code  Gb  usb_dcd.o [1]
DCD_EP_Stall            0x08004547   0x4c  Code  Gb  usb_dcd.o [1]
DCD_EP_Tx               0x080044e9   0x5e  Code  Gb  usb_dcd.o [1]
DCD_HandleEnumDone_ISR  0x08004257   0x4e  Code  Lc  usb_dcd_int.o [1]
DCD_HandleInEP_ISR      0x08003e03  0x136  Code  Lc  usb_dcd_int.o [1]
DCD_HandleOutEP_ISR     0x08003f39   0xf0  Code  Lc  usb_dcd_int.o [1]
DCD_HandleResume_ISR    0x08003d4f   0x4c  Code  Lc  usb_dcd_int.o [1]
DCD_HandleRxStatusQueueLevel_ISR
                        0x08004047   0x9e  Code  Lc  usb_dcd_int.o [1]
DCD_HandleSof_ISR       0x08004029   0x1e  Code  Lc  usb_dcd_int.o [1]
DCD_HandleUSBSuspend_ISR
                        0x08003d9b   0x68  Code  Lc  usb_dcd_int.o [1]
DCD_HandleUsbReset_ISR  0x08004185   0xd2  Code  Lc  usb_dcd_int.o [1]
DCD_Init                0x08004317   0xa2  Code  Gb  usb_dcd.o [1]
DCD_IsoINIncomplete_ISR
                        0x080042a5   0x1e  Code  Lc  usb_dcd_int.o [1]
DCD_IsoOUTIncomplete_ISR
                        0x080042c3   0x1e  Code  Lc  usb_dcd_int.o [1]
DCD_ReadDevInEP         0x080042e9   0x2e  Code  Lc  usb_dcd_int.o [1]
DCD_WriteEmptyTxFifo    0x080040e5   0xa0  Code  Lc  usb_dcd_int.o [1]
EXTI_ClearITPendingBit  0x08002d71   0x20  Code  Gb  stm32f4xx_exti.o [1]
GPIO_Init               0x080029ad  0x18a  Code  Gb  stm32f4xx_gpio.o [1]
GPIO_PinAFConfig        0x08002b5d  0x1ec  Code  Gb  stm32f4xx_gpio.o [1]
Handle_USBAsynchXfer    0x08005011   0xda  Code  Lc  usbd_cdc_core.o [1]
LoadInt                 0x0800070d   0x6e  Code  Lc  xprintffull_nomb.o [3]
NVIC_Init               0x08002dd1   0x9a  Code  Gb  misc.o [1]
NVIC_PriorityGroupConfig
                        0x08002d9d   0x34  Code  Gb  misc.o [1]
NVIC_SetPriority        0x0800315d   0x26  Code  Lc  delay.o [1]
OTG_FS_IRQHandler       0x08002f87    0xa  Code  Gb  main.o [1]
OTG_FS_WKUP_IRQHandler  0x08002f91   0x2a  Code  Gb  main.o [1]
RCC_AHB1PeriphClockCmd  0x08002817   0x58  Code  Gb  stm32f4xx_rcc.o [1]
RCC_AHB2PeriphClockCmd  0x0800286f   0x58  Code  Gb  stm32f4xx_rcc.o [1]
RCC_APB1PeriphResetCmd  0x08002929   0x58  Code  Gb  stm32f4xx_rcc.o [1]
RCC_APB2PeriphClockCmd  0x080028c7   0x58  Code  Gb  stm32f4xx_rcc.o [1]
RCC_GetClocksFreq       0x08002715  0x102  Code  Gb  stm32f4xx_rcc.o [1]
Region$$Table$$Base     0x08005658          --   Gb  - Linker created -
Region$$Table$$Limit    0x08005678          --   Gb  - Linker created -
SetSysClock             0x0800305b   0xce  Code  Lc  system_stm32f4xx.o [1]
SysTick_Config          0x08003183   0x32  Code  Lc  delay.o [1]
SysTick_Handler         0x08002f7f    0x8  Code  Gb  main.o [1]
SysTick_Init            0x080031b5   0x16  Code  Gb  delay.o [1]
SystemCoreClock         0x20000010    0x4  Data  Gb  system_stm32f4xx.o [1]
SystemInit              0x08003009   0x52  Code  Gb  system_stm32f4xx.o [1]
TimeTick_Decrement      0x080031cb   0x14  Code  Gb  delay.o [1]
USART1_IRQHandler       0x08002fbb   0x26  Code  Gb  main.o [1]
USART_ClearITPendingBit
                        0x08003b75   0xac  Code  Gb  stm32f4xx_usart.o [1]
USART_Cmd               0x08003845   0x76  Code  Gb  stm32f4xx_usart.o [1]
USART_GetITStatus       0x08003a2f  0x146  Code  Gb  stm32f4xx_usart.o [1]
USART_ITConfig          0x080038e1  0x14e  Code  Gb  stm32f4xx_usart.o [1]
USART_Init              0x08003645  0x200  Code  Gb  stm32f4xx_usart.o [1]
USBD_CDC_cb             0x20000018   0x2c  Data  Gb  usbd_cdc_core.o [1]
USBD_ClrCfg             0x080034b5   0x18  Code  Gb  usbd_core.o [1]
USBD_ClrFeature         0x08004baf   0x3a  Code  Lc  usbd_req.o [1]
USBD_CtlContinueRx      0x08004d3b   0x1e  Code  Gb  usbd_ioreq.o [1]
USBD_CtlContinueSendData
                        0x08004ced   0x1e  Code  Gb  usbd_ioreq.o [1]
USBD_CtlError           0x08004c2d   0x36  Code  Gb  usbd_req.o [1]
USBD_CtlPrepareRx       0x08004d0b   0x30  Code  Gb  usbd_ioreq.o [1]
USBD_CtlReceiveStatus   0x08004d7d   0x24  Code  Gb  usbd_ioreq.o [1]
USBD_CtlSendData        0x08004cbd   0x30  Code  Gb  usbd_ioreq.o [1]
USBD_CtlSendStatus      0x08004d59   0x24  Code  Gb  usbd_ioreq.o [1]
USBD_DCD_INT_cb         0x200000a4   0x2c  Data  Gb  usbd_core.o [1]
USBD_DCD_INT_fops       0x200000d0    0x4  Data  Gb  usbd_core.o [1]
USBD_DataInStage        0x0800335f   0xbe  Code  Lc  usbd_core.o [1]
USBD_DataOutStage       0x080032c5   0x9a  Code  Lc  usbd_core.o [1]
USBD_DeInit             0x0800326d    0x6  Code  Gb  usbd_core.o [1]
USBD_DeviceDesc         0x200000f0   0x14  Data  Gb  usbd_desc.o [1]
USBD_GetConfig          0x08004a8f   0x48  Code  Lc  usbd_req.o [1]
USBD_GetDescriptor      0x0800482f  0x13a  Code  Lc  usbd_req.o [1]
USBD_GetLen             0x08004ca9   0x14  Code  Lc  usbd_req.o [1]
USBD_GetStatus          0x08004ad7   0x3c  Code  Lc  usbd_req.o [1]
USBD_GetString          0x08004c63   0x46  Code  Gb  usbd_req.o [1]
USBD_Init               0x08003229   0x44  Code  Gb  usbd_core.o [1]
USBD_IsoINIncomplete    0x080034cd   0x12  Code  Lc  usbd_core.o [1]
USBD_IsoOUTIncomplete   0x080034df   0x12  Code  Lc  usbd_core.o [1]
USBD_LangIDDesc         0x20000104    0x4  Data  Gb  usbd_desc.o [1]
USBD_OTG_ISR_Handler    0x08003c65   0xea  Code  Gb  usb_dcd_int.o [1]
USBD_ParseSetupRequest  0x08004be9   0x44  Code  Gb  usbd_req.o [1]
USBD_Reset              0x0800341d   0x30  Code  Lc  usbd_core.o [1]
USBD_Resume             0x0800344d   0x16  Code  Lc  usbd_core.o [1]
USBD_SOF                0x08003479   0x1c  Code  Lc  usbd_core.o [1]
USBD_SetAddress         0x08004969   0x60  Code  Lc  usbd_req.o [1]
USBD_SetCfg             0x08003495   0x20  Code  Gb  usbd_core.o [1]
USBD_SetConfig          0x080049c9   0xc6  Code  Lc  usbd_req.o [1]
USBD_SetFeature         0x08004b25   0x8a  Code  Lc  usbd_req.o [1]
USBD_SetupStage         0x08003273   0x52  Code  Lc  usbd_core.o [1]
USBD_StdDevReq          0x080045f9   0x7c  Code  Gb  usbd_req.o [1]
USBD_StdEPReq           0x080046c3  0x16c  Code  Gb  usbd_req.o [1]
USBD_StdItfReq          0x08004675   0x4e  Code  Gb  usbd_req.o [1]
USBD_StrDesc            0x20002fe0   0x34  Data  Gb  usbd_req.o [1]
USBD_Suspend            0x08003463   0x16  Code  Lc  usbd_core.o [1]
USBD_USR_ConfigStrDescriptor
                        0x080051a5   0x26  Code  Gb  usbd_desc.o [1]
USBD_USR_DeviceConfigured
                        0x08000fcf    0x2  Code  Gb  usbd_usr.o [1]
USBD_USR_DeviceConnected
                        0x08000fd1    0x2  Code  Gb  usbd_usr.o [1]
USBD_USR_DeviceDescriptor
                        0x08005131    0xa  Code  Gb  usbd_desc.o [1]
USBD_USR_DeviceDisconnected
                        0x08000fd3    0x2  Code  Gb  usbd_usr.o [1]
USBD_USR_DeviceReset    0x08000fbd   0x12  Code  Gb  usbd_usr.o [1]
USBD_USR_DeviceResumed  0x08000fd7    0x2  Code  Gb  usbd_usr.o [1]
USBD_USR_DeviceSuspended
                        0x08000fd5    0x2  Code  Gb  usbd_usr.o [1]
USBD_USR_Init           0x08000fbb    0x2  Code  Gb  usbd_usr.o [1]
USBD_USR_InterfaceStrDescriptor
                        0x080051cb   0x26  Code  Gb  usbd_desc.o [1]
USBD_USR_LangIDStrDescriptor
                        0x0800513b    0xa  Code  Gb  usbd_desc.o [1]
USBD_USR_ManufacturerStrDescriptor
                        0x0800516b   0x14  Code  Gb  usbd_desc.o [1]
USBD_USR_ProductStrDescriptor
                        0x08005145   0x26  Code  Gb  usbd_desc.o [1]
USBD_USR_SerialStrDescriptor
                        0x0800517f   0x26  Code  Gb  usbd_desc.o [1]
USBD_cdc_GetCfgDesc     0x080050eb    0xa  Code  Lc  usbd_cdc_core.o [1]
USBD_cfg_status         0x20003048    0x4  Data  Gb  usbd_req.o [1]
USBD_default_cfg        0x20003044    0x4  Data  Gb  usbd_req.o [1]
USBD_ep_status          0x20003040    0x4  Data  Gb  usbd_req.o [1]
USB_OTG_BSP_EnableInterrupt
                        0x080026bd   0x2e  Code  Gb  usb_bsp.o [1]
USB_OTG_BSP_Init        0x08002611   0xa8  Code  Gb  usb_bsp.o [1]
USB_OTG_BSP_mDelay      0x08002703   0x12  Code  Gb  usb_bsp.o [1]
USB_OTG_BSP_uDelay      0x080026eb   0x18  Code  Gb  usb_bsp.o [1]
USB_OTG_CoreInit        0x08001c45  0x134  Code  Gb  usb_core.o [1]
USB_OTG_CoreInitDev     0x08001ec7  0x1a0  Code  Gb  usb_core.o [1]
USB_OTG_CoreReset       0x08001a8f   0x60  Code  Lc  usb_core.o [1]
USB_OTG_DisableGlobalInt
                        0x08001d97   0x1e  Code  Gb  usb_core.o [1]
USB_OTG_EP0Activate     0x080020f5   0x50  Code  Gb  usb_core.o [1]
USB_OTG_EP0StartXfer    0x080023a3  0x12c  Code  Gb  usb_core.o [1]
USB_OTG_EP0_OutStart    0x08002599   0x52  Code  Gb  usb_core.o [1]
USB_OTG_EPActivate      0x08002145   0x7a  Code  Gb  usb_core.o [1]
USB_OTG_EPClearStall    0x08002519   0x46  Code  Gb  usb_core.o [1]
USB_OTG_EPDeactivate    0x080021bf   0x58  Code  Gb  usb_core.o [1]
USB_OTG_EPSetStall      0x080024cf   0x4a  Code  Gb  usb_core.o [1]
USB_OTG_EPStartXfer     0x08002217  0x18c  Code  Gb  usb_core.o [1]
USB_OTG_EnableCommonInt
                        0x08001a6d   0x22  Code  Lc  usb_core.o [1]
USB_OTG_EnableDevInt    0x08002067   0x5a  Code  Gb  usb_core.o [1]
USB_OTG_EnableGlobalInt
                        0x08001d79   0x1e  Code  Gb  usb_core.o [1]
USB_OTG_FlushRxFifo     0x08001dfd   0x40  Code  Gb  usb_core.o [1]
USB_OTG_FlushTxFifo     0x08001db5   0x48  Code  Gb  usb_core.o [1]
USB_OTG_GetDeviceSpeed  0x080020c1   0x34  Code  Gb  usb_core.o [1]
USB_OTG_GetMode         0x08001e81    0xa  Code  Gb  usb_core.o [1]
USB_OTG_InitDevSpeed    0x08001eb5   0x12  Code  Gb  usb_core.o [1]
USB_OTG_IsDeviceMode    0x08001e8b   0x18  Code  Gb  usb_core.o [1]
USB_OTG_ReadCoreItr     0x08001ea3   0x12  Code  Gb  usb_core.o [1]
USB_OTG_ReadDevAllInEPItr
                        0x08002587   0x12  Code  Gb  usb_core.o [1]
USB_OTG_ReadDevAllOutEp_itr
                        0x0800255f   0x12  Code  Gb  usb_core.o [1]
USB_OTG_ReadDevOutEP_itr
                        0x08002571   0x16  Code  Gb  usb_core.o [1]
USB_OTG_ReadPacket      0x08001b37   0x2c  Code  Gb  usb_core.o [1]
USB_OTG_SelectCore      0x08001b63   0xe2  Code  Gb  usb_core.o [1]
USB_OTG_SetCurrentMode  0x08001e45   0x3c  Code  Gb  usb_core.o [1]
USB_OTG_UngateClock     0x080025eb   0x26  Code  Gb  usb_core.o [1]
USB_OTG_WritePacket     0x08001aef   0x48  Code  Gb  usb_core.o [1]
USB_OTG_dev             0x20002930  0x5f0  Data  Gb  main.o [1]
USB_Rx_Buffer           0x20002fa0   0x40  Data  Gb  usbd_cdc_core.o [1]
USB_Tx_State            0x2000304d    0x1  Data  Gb  usbd_cdc_core.o [1]
USR_cb                  0x20000108   0x1c  Data  Gb  usbd_usr.o [1]
USR_desc                0x200000d4   0x1c  Data  Gb  usbd_desc.o [1]
VCP_Ctrl                0x080034f9   0x70  Code  Lc  usbd_cdc_vcp.o [1]
VCP_DataRx              0x080035ad   0x48  Code  Lc  usbd_cdc_vcp.o [1]
VCP_DataTx              0x08003575   0x38  Code  Lc  usbd_cdc_vcp.o [1]
VCP_DeInit              0x080034f5    0x4  Code  Lc  usbd_cdc_vcp.o [1]
VCP_Init                0x080034f1    0x4  Code  Lc  usbd_cdc_vcp.o [1]
VCP_fops                0x20000090   0x14  Data  Gb  usbd_cdc_vcp.o [1]
VCP_get_char            0x080035f5   0x38  Code  Gb  usbd_cdc_vcp.o [1]
VCP_put_char            0x08003569    0xc  Code  Gb  usbd_cdc_vcp.o [1]
_GenldFullNoMb          0x08000c83  0x262  Code  Lc  xprintffull_nomb.o [3]
_LdtobFullNoMb          0x08000881  0x3fc  Code  Lc  xprintffull_nomb.o [3]
_LitobFullNoMb          0x0800077b  0x106  Code  Lc  xprintffull_nomb.o [3]
_PrintfFullNoMb         0x08000189  0x57e  Code  Gb  xprintffull_nomb.o [3]
_Prout                  0x080056bd   0x16  Code  Gb  xprout.o [3]
_PutcharsFullNoMb       0x08000ee5   0x2e  Code  Lc  xprintffull_nomb.o [3]
__aeabi_cdcmple         0x08001211         Code  Gb  DblCmpLe.o [4]
__aeabi_cdrcmple        0x08001241         Code  Gb  DblCmpGe.o [4]
__aeabi_d2iz            0x08001385         Code  Gb  DblToI32.o [4]
__aeabi_d2uiz           0x080013b1         Code  Gb  DblToI32.o [4]
__aeabi_ddiv            0x08001731         Code  Gb  DblDiv.o [4]
__aeabi_dmul            0x0800158d         Code  Gb  DblMul.o [4]
__aeabi_dsub            0x0800140d         Code  Gb  DblSub.o [4]
__aeabi_i2d             0x080013dd         Code  Gb  I32ToDbl.o [4]
__aeabi_ldiv0           0x08001995         Code  Gb  I64DivZer.o [5]
__aeabi_ui2d            0x080013f1         Code  Gb  I32ToDbl.o [4]
__aeabi_uldivmod        0x08001069         Code  Gb  I64DivMod.o [5]
__cmain                 0x08005679         Code  Gb  cmain.o [5]
__dwrite                0x08005565   0x1e  Code  Gb  dwrite.o [6]
__exit                  0x080056a9   0x14  Code  Gb  exit.o [6]
__iar_Dnorm             0x080011cf   0x42  Code  Gb  xdnorm.o [4]
__iar_Dscale            0x08001271  0x114  Code  Gb  xdscale.o [4]
__iar_Memchr            0x08001011         Code  Gb  memchr.o [5]
__iar_Strchr            0x08000fa5         Code  Gb  strchr.o [5]
__iar_close_ttio        0x080053e5   0x2e  Code  Gb  iarttio.o [6]
__iar_d2uiz             0x080013bd         Code  Gb  DblToI32.o [4]
__iar_dadd              0x08001999         Code  Gb  DblAdd.o [4]
__iar_data_init3        0x080055c5   0x28  Code  Gb  data_init.o [5]
__iar_dsub              0x08001421         Code  Gb  DblSub.o [4]
__iar_dsubStart         0x08001433         Code  Gb  DblSub.o [4]
__iar_get_ttio          0x08005415   0x38  Code  Gb  iarttio.o [6]
__iar_init_vfp          0x08005635         Code  Gb  fpinit_M.o [4]
__iar_lookup_ttioh      0x08005451    0x8  Code  Gb  XShttio.o [3]
__iar_lz77_init_single3
                        0x08000f2f   0x76  Code  Gb  lz77_init_single.o [5]
__iar_program_start     0x08005735         Code  Gb  cstartup_M.o [5]
__iar_sh_stdout         0x08005583   0x20  Code  Gb  iarwstd.o [6]
__iar_sh_write          0x080055a3   0x22  Code  Gb  iarwrite.o [6]
__iar_ttio_handles      0x20000124    0x8  Data  Lc  XShttio.o [3]
__iar_ui2d              0x080013f5         Code  Gb  I32ToDbl.o [4]
__iar_unaligned___aeabi_memcpy
                        0x08001159         Code  Gb  ABImemcpy_unaligned.o [5]
__iar_unaligned___aeabi_memcpy4
                        0x08001179         Code  Gb  ABImemcpy_unaligned.o [5]
__iar_unaligned___aeabi_memcpy8
                        0x08001179         Code  Gb  ABImemcpy_unaligned.o [5]
__iar_zero_init3        0x080054c1   0x40  Code  Gb  zero_init3.o [5]
__low_level_init        0x08005693    0x4  Code  Gb  low_level_init.o [3]
__vector_table          0x08000000         Data  Gb  startup_stm32f4xx.o [1]
__write                 0x08005555   0x10  Code  Gb  write.o [6]
_call_main              0x08005685         Code  Gb  cmain.o [5]
_exit                   0x0800569d         Code  Gb  cexit.o [5]
_main                   0x0800568f         Code  Gb  cmain.o [5]
assert_failed           0x08002f6d   0x12  Code  Gb  main.o [1]
cdcCmd                  0x20000014    0x4  Data  Lc  usbd_cdc_core.o [1]
cdcLen                  0x20003030    0x4  Data  Lc  usbd_cdc_core.o [1]
ch                      0x2000304c    0x1  Data  Gb  main.o [1]
delay_1ms               0x080031df   0x12  Code  Gb  delay.o [1]
delay_nms               0x08003215   0x14  Code  Gb  delay.o [1]
div                     0x08001987    0xe  Code  Gb  div.o [3]
exit                    0x08005697    0x4  Code  Gb  exit.o [3]
init_USART1             0x08002ec1   0xac  Code  Gb  main.o [1]
linecoding              0x20000088    0x8  Data  Gb  usbd_cdc_vcp.o [1]
main                    0x08002e85   0x3c  Code  Gb  main.o [1]
memchr                  0x08001011         Code  Gb  memchr.o [5]
printf                  0x08003c41   0x24  Code  Gb  printf.o [3]
putchar                 0x0800552d   0x28  Code  Gb  putchar.o [3]
strchr                  0x08000fa5         Code  Gb  strchr.o [5]
strlen                  0x08000fd9         Code  Gb  strlen.o [5]
sysTickCounter          0x2000301c    0x4  Data  Lc  delay.o [1]
usbd_cdc_AltSet         0x20003020    0x4  Data  Lc  usbd_cdc_core.o [1]
usbd_cdc_CfgDesc        0x20000044   0x44  Data  Gb  usbd_cdc_core.o [1]
usbd_cdc_DataIn         0x08004f1d   0x9c  Code  Lc  usbd_cdc_core.o [1]
usbd_cdc_DataOut        0x08004fb9   0x36  Code  Lc  usbd_cdc_core.o [1]
usbd_cdc_DeInit         0x08004e01   0x28  Code  Lc  usbd_cdc_core.o [1]
usbd_cdc_EP0_RxReady    0x08004ef7   0x26  Code  Lc  usbd_cdc_core.o [1]
usbd_cdc_Init           0x08004da1   0x60  Code  Lc  usbd_cdc_core.o [1]
usbd_cdc_SOF            0x08004fef   0x22  Code  Lc  usbd_cdc_core.o [1]
usbd_cdc_Setup          0x08004e29   0xce  Code  Lc  usbd_cdc_core.o [1]


[1] = D:\IAR Workspace\STM32F407\VCP_ESP\Debug\Obj
[2] = command line
[3] = dl7M_tln.a
[4] = m7M_tls.a
[5] = rt7M_tl.a
[6] = shb_l.a

  21 904 bytes of readonly  code memory
   1 048 bytes of readonly  data memory
  12 363 bytes of readwrite data memory

Errors: none
Warnings: none
