###############################################################################
#
# IAR ANSI C/C++ Compiler V7.50.2.10312/W32 for ARM       06/May/2016  23:31:29
# Copyright 1999-2015 IAR Systems AB.
#
#    Cpu mode     =  thumb
#    Endian       =  little
#    Source file  =  D:\IAR Workspace\STM32F407\VCP_ESP\delay.c
#    Command line =  
#        "D:\IAR Workspace\STM32F407\VCP_ESP\delay.c" -D USE_STDPERIPH_DRIVER
#        -D STM32F4XX -D USE_FULL_ASSERT -lCN "D:\IAR
#        Workspace\STM32F407\VCP_ESP\Debug\List" -o "D:\IAR
#        Workspace\STM32F407\VCP_ESP\Debug\Obj" --no_cse --no_unroll
#        --no_inline --no_code_motion --no_tbaa --no_clustering --no_scheduling
#        --debug --endian=little --cpu=Cortex-M4 -e --fpu=VFPv4_sp
#        --dlib_config "C:\Program Files (x86)\IAR Systems\Embedded Workbench
#        7.3\arm\INC\c\DLib_Config_Full.h" -I "D:\IAR
#        Workspace\STM32F407\VCP_ESP\..\Libraries\STM32F4xx_StdPeriph_Driver\inc\"
#        -I "D:\IAR Workspace\STM32F407\VCP_ESP\..\Libraries\CMSIS\Include\" -I
#        "D:\IAR Workspace\STM32F407\VCP_ESP\..\Utilities\STM32F4-Discovery\"
#        -I "D:\IAR
#        Workspace\STM32F407\VCP_ESP\..\Libraries\CMSIS\ST\STM32F4xx\Include\"
#        -I "D:\IAR Workspace\STM32F407\VCP_ESP\" -I "D:\IAR
#        Workspace\STM32F407\VCP_ESP\usb_conf\" -I "D:\IAR
#        Workspace\STM32F407\VCP_ESP\usb_lib\cdc\" -I "D:\IAR
#        Workspace\STM32F407\VCP_ESP\usb_lib\otg\" -I "D:\IAR
#        Workspace\STM32F407\VCP_ESP\usb_lib\core\" -On --use_c++_inline -I
#        "C:\Program Files (x86)\IAR Systems\Embedded Workbench
#        7.3\arm\CMSIS\Include\" -D ARM_MATH_CM4
#    List file    =  D:\IAR Workspace\STM32F407\VCP_ESP\Debug\List\delay.lst
#    Object file  =  D:\IAR Workspace\STM32F407\VCP_ESP\Debug\Obj\delay.o
#
###############################################################################

D:\IAR Workspace\STM32F407\VCP_ESP\delay.c
      1          #include "delay.h"

   \                                 In section .text, align 2, keep-with-next
   \   static __interwork __softfp void NVIC_SetPriority(IRQn_Type, uint32_t)
   \                     NVIC_SetPriority: (+1)
   \   00000000   0xB410             PUSH     {R4}
   \   00000002   0xB240             SXTB     R0,R0            ;; SignExt  R0,R0,#+24,#+24
   \   00000004   0x2800             CMP      R0,#+0
   \   00000006   0xD508             BPL.N    ??NVIC_SetPriority_0
   \   00000008   0x010A             LSLS     R2,R1,#+4
   \   0000000A   0x....             LDR.N    R3,??DataTable5  ;; 0xe000ed18
   \   0000000C   0xB240             SXTB     R0,R0            ;; SignExt  R0,R0,#+24,#+24
   \   0000000E   0xF010 0x040F      ANDS     R4,R0,#0xF
   \   00000012   0x18E3             ADDS     R3,R4,R3
   \   00000014   0xF803 0x2C04      STRB     R2,[R3, #-4]
   \   00000018   0xE003             B.N      ??NVIC_SetPriority_1
   \                     ??NVIC_SetPriority_0: (+1)
   \   0000001A   0x010A             LSLS     R2,R1,#+4
   \   0000001C   0x....             LDR.N    R3,??DataTable5_1  ;; 0xe000e400
   \   0000001E   0xB240             SXTB     R0,R0            ;; SignExt  R0,R0,#+24,#+24
   \   00000020   0x54C2             STRB     R2,[R0, R3]
   \                     ??NVIC_SetPriority_1: (+1)
   \   00000022   0xBC10             POP      {R4}
   \   00000024   0x4770             BX       LR               ;; return

   \                                 In section .text, align 2, keep-with-next
   \   static __interwork __softfp uint32_t SysTick_Config(uint32_t)
   \                     SysTick_Config: (+1)
   \   00000000   0xB510             PUSH     {R4,LR}
   \   00000002   0x0004             MOVS     R4,R0
   \   00000004   0xF1B4 0x7F80      CMP      R4,#+16777216
   \   00000008   0xD301             BCC.N    ??SysTick_Config_0
   \   0000000A   0x2001             MOVS     R0,#+1
   \   0000000C   0xE010             B.N      ??SysTick_Config_1
   \                     ??SysTick_Config_0: (+1)
   \   0000000E   0x0220             LSLS     R0,R4,#+8        ;; ZeroExtS R0,R4,#+8,#+8
   \   00000010   0x0A00             LSRS     R0,R0,#+8
   \   00000012   0x1E40             SUBS     R0,R0,#+1
   \   00000014   0x....             LDR.N    R1,??DataTable5_2  ;; 0xe000e014
   \   00000016   0x6008             STR      R0,[R1, #+0]
   \   00000018   0x210F             MOVS     R1,#+15
   \   0000001A   0xF05F 0x30FF      MOVS     R0,#-1
   \   0000001E   0x.... 0x....      BL       NVIC_SetPriority
   \   00000022   0x2000             MOVS     R0,#+0
   \   00000024   0x....             LDR.N    R1,??DataTable5_3  ;; 0xe000e018
   \   00000026   0x6008             STR      R0,[R1, #+0]
   \   00000028   0x2007             MOVS     R0,#+7
   \   0000002A   0x....             LDR.N    R1,??DataTable5_4  ;; 0xe000e010
   \   0000002C   0x6008             STR      R0,[R1, #+0]
   \   0000002E   0x2000             MOVS     R0,#+0
   \                     ??SysTick_Config_1: (+1)
   \   00000030   0xBD10             POP      {R4,PC}          ;; return
      2          

   \                                 In section .bss, align 4
      3          static __IO uint32_t sysTickCounter;
   \                     sysTickCounter:
   \   00000000                      DS8 4
      4          

   \                                 In section .text, align 2, keep-with-next
      5          void SysTick_Init(void) {
   \                     SysTick_Init: (+1)
   \   00000000   0xB580             PUSH     {R7,LR}
      6          	/****************************************
      7          	 *SystemFrequency/1000      1ms         *
      8          	 *SystemFrequency/100000    10us        *
      9          	 *SystemFrequency/1000000   1us         *
     10          	 *****************************************/
     11          	while (SysTick_Config(SystemCoreClock / 1000000) != 0) {
   \                     ??SysTick_Init_0: (+1)
   \   00000002   0x....             LDR.N    R0,??DataTable5_5
   \   00000004   0x6800             LDR      R0,[R0, #+0]
   \   00000006   0x....             LDR.N    R1,??DataTable5_6  ;; 0xf4240
   \   00000008   0xFBB0 0xF0F1      UDIV     R0,R0,R1
   \   0000000C   0x.... 0x....      BL       SysTick_Config
   \   00000010   0x2800             CMP      R0,#+0
   \   00000012   0xD1F6             BNE.N    ??SysTick_Init_0
     12          	} // One SysTick interrupt now equals 1us
     13          
     14          }
   \   00000014   0xBD01             POP      {R0,PC}          ;; return
     15          
     16          /**
     17           * This method needs to be called in the SysTick_Handler
     18           */

   \                                 In section .text, align 2, keep-with-next
     19          void TimeTick_Decrement(void) {
     20          	if (sysTickCounter != 0x00) {
   \                     TimeTick_Decrement: (+1)
   \   00000000   0x....             LDR.N    R0,??DataTable5_7
   \   00000002   0x6800             LDR      R0,[R0, #+0]
   \   00000004   0x2800             CMP      R0,#+0
   \   00000006   0xD004             BEQ.N    ??TimeTick_Decrement_0
     21          		sysTickCounter--;
   \   00000008   0x....             LDR.N    R0,??DataTable5_7
   \   0000000A   0x6800             LDR      R0,[R0, #+0]
   \   0000000C   0x1E40             SUBS     R0,R0,#+1
   \   0000000E   0x....             LDR.N    R1,??DataTable5_7
   \   00000010   0x6008             STR      R0,[R1, #+0]
     22          	}
     23          }
   \                     ??TimeTick_Decrement_0: (+1)
   \   00000012   0x4770             BX       LR               ;; return
     24          

   \                                 In section .text, align 2, keep-with-next
     25          void delay_nus(u32 n) {
     26          	sysTickCounter = n;
   \                     delay_nus: (+1)
   \   00000000   0x....             LDR.N    R1,??DataTable5_7
   \   00000002   0x6008             STR      R0,[R1, #+0]
     27          	while (sysTickCounter != 0) {
   \                     ??delay_nus_0: (+1)
   \   00000004   0x....             LDR.N    R1,??DataTable5_7
   \   00000006   0x6809             LDR      R1,[R1, #+0]
   \   00000008   0x2900             CMP      R1,#+0
   \   0000000A   0xD1FB             BNE.N    ??delay_nus_0
     28          	}
     29          }
   \   0000000C   0x4770             BX       LR               ;; return
     30          

   \                                 In section .text, align 2, keep-with-next
     31          void delay_1ms(void) {
     32          	sysTickCounter = 1000;
   \                     delay_1ms: (+1)
   \   00000000   0xF44F 0x707A      MOV      R0,#+1000
   \   00000004   0x....             LDR.N    R1,??DataTable5_7
   \   00000006   0x6008             STR      R0,[R1, #+0]
     33          	while (sysTickCounter != 0) {
   \                     ??delay_1ms_0: (+1)
   \   00000008   0x....             LDR.N    R0,??DataTable5_7
   \   0000000A   0x6800             LDR      R0,[R0, #+0]
   \   0000000C   0x2800             CMP      R0,#+0
   \   0000000E   0xD1FB             BNE.N    ??delay_1ms_0
     34          	}
     35          }
   \   00000010   0x4770             BX       LR               ;; return
     36          

   \                                 In section .text, align 2, keep-with-next
     37          void delay_nms(u32 n) {
   \                     delay_nms: (+1)
   \   00000000   0xB510             PUSH     {R4,LR}
   \   00000002   0x0004             MOVS     R4,R0
     38          	while (n--) {
   \                     ??delay_nms_0: (+1)
   \   00000004   0x0020             MOVS     R0,R4
   \   00000006   0x1E44             SUBS     R4,R0,#+1
   \   00000008   0x2800             CMP      R0,#+0
   \   0000000A   0xD002             BEQ.N    ??delay_nms_1
     39          		delay_1ms();
   \   0000000C   0x.... 0x....      BL       delay_1ms
   \   00000010   0xE7F8             B.N      ??delay_nms_0
     40          	}
     41          }
   \                     ??delay_nms_1: (+1)
   \   00000012   0xBD10             POP      {R4,PC}          ;; return

   \                                 In section .text, align 4, keep-with-next
   \                     ??DataTable5:
   \   00000000   0xE000ED18         DC32     0xe000ed18

   \                                 In section .text, align 4, keep-with-next
   \                     ??DataTable5_1:
   \   00000000   0xE000E400         DC32     0xe000e400

   \                                 In section .text, align 4, keep-with-next
   \                     ??DataTable5_2:
   \   00000000   0xE000E014         DC32     0xe000e014

   \                                 In section .text, align 4, keep-with-next
   \                     ??DataTable5_3:
   \   00000000   0xE000E018         DC32     0xe000e018

   \                                 In section .text, align 4, keep-with-next
   \                     ??DataTable5_4:
   \   00000000   0xE000E010         DC32     0xe000e010

   \                                 In section .text, align 4, keep-with-next
   \                     ??DataTable5_5:
   \   00000000   0x........         DC32     SystemCoreClock

   \                                 In section .text, align 4, keep-with-next
   \                     ??DataTable5_6:
   \   00000000   0x000F4240         DC32     0xf4240

   \                                 In section .text, align 4, keep-with-next
   \                     ??DataTable5_7:
   \   00000000   0x........         DC32     sysTickCounter

   Maximum stack usage in bytes:

   .cstack Function
   ------- --------
       4   NVIC_SetPriority
       8   SysTick_Config
         8   -> NVIC_SetPriority
       8   SysTick_Init
         8   -> SysTick_Config
       0   TimeTick_Decrement
       0   delay_1ms
       8   delay_nms
         8   -> delay_1ms
       0   delay_nus


   Section sizes:

   Bytes  Function/Label
   -----  --------------
       4  ??DataTable5
       4  ??DataTable5_1
       4  ??DataTable5_2
       4  ??DataTable5_3
       4  ??DataTable5_4
       4  ??DataTable5_5
       4  ??DataTable5_6
       4  ??DataTable5_7
      38  NVIC_SetPriority
      50  SysTick_Config
      22  SysTick_Init
      20  TimeTick_Decrement
      18  delay_1ms
      20  delay_nms
      14  delay_nus
       4  sysTickCounter

 
   4 bytes in section .bss
 214 bytes in section .text
 
 214 bytes of CODE memory
   4 bytes of DATA memory

Errors: none
Warnings: none
